1 starboard beam reach
2 starboard broad reach
3 starboard broad reach
4 starboard broad reach
5 starboard broad reach
6 starboard broad reach
7 starboard broad reach
8 starboard broad reach
9 starboard broad reach
10 starboard broad reach
11 starboard broad reach
12 starboard broad reach
13 starboard broad reach
14 starboard broad reach
15 starboard broad reach
16 starboard broad reach
17 starboard broad reach
18 starboard broad reach
19 run
20 port broad reach
21 port broad reach
22 port broad reach
23 port broad reach
24 port broad reach
25 port broad reach
26 port broad reach
27 port broad reach
28 port broad reach
29 port broad reach
30 port broad reach
31 port broad reach
32 port broad reach
33 port broad reach
34 port broad reach
35 port broad reach
36 port broad reach
37 port beam reach
38 port close hauled
39 port close hauled
40 port close hauled
41 port close hauled
42 port close hauled
43 port close hauled
44 port close hauled
45 port close hauled
46 tacking
47 tacking
48 tacking
49 tacking
50 tacking
51 tacking
52 tacking
53 tacking
54 tacking
55 tacking
56 tacking
57 tacking
58 tacking
59 tacking
60 tacking
61 tacking
62 tacking
63 tacking
64 tacking
65 starboard close hauled
66 starboard close hauled
67 starboard close hauled
68 starboard close hauled
69 starboard close hauled
70 starboard close hauled
71 starboard close hauled
72 starboard close hauled